JVM info: Oracle Corporation - 1.8.0_421 - 25.421-b09
java.net.preferIPv4Stack=true
Found java version 1.8.0_421
Considering minecraft client jar
  Downloading library from https://piston-data.mojang.com/v1/objects/4a61c873be90bb1196d68dac7b29870408c56969/client.jar
    Download completed: Checksum validated.
Considering library net.minecraftforge:forge:1.9.4-12.17.0.2317-1.9.4: Not Downloading {Wrong Side}
Considering library net.minecraft:launchwrapper:1.12: Not Downloading {Wrong Side}
Considering library org.ow2.asm:asm-all:5.0.3: Not Downloading {Wrong Side}
Considering library jline:jline:2.13: Not Downloading {Wrong Side}
Considering library com.typesafe.akka:akka-actor_2.11:2.3.3
Considering library com.typesafe:config:1.2.1
Considering library org.scala-lang:scala-actors-migration_2.11:1.1.0
Considering library org.scala-lang:scala-compiler:2.11.1
Considering library org.scala-lang.plugins:scala-continuations-library_2.11:1.0.2
Downloading library org.scala-lang.plugins:scala-continuations-library_2.11:1.0.2
Trying unpacked library org.scala-lang.plugins:scala-continuations-library_2.11:1.0.2
Considering library org.scala-lang.plugins:scala-continuations-plugin_2.11.1:1.0.2
Downloading library org.scala-lang.plugins:scala-continuations-plugin_2.11.1:1.0.2
Trying unpacked library org.scala-lang.plugins:scala-continuations-plugin_2.11.1:1.0.2
Considering library org.scala-lang:scala-library:2.11.1
Considering library org.scala-lang:scala-parser-combinators_2.11:1.0.1
Considering library org.scala-lang:scala-reflect:2.11.1
Considering library org.scala-lang:scala-swing_2.11:1.0.1
Considering library org.scala-lang:scala-xml_2.11:1.0.2
Considering library lzma:lzma:0.0.1: Not Downloading {Wrong Side}
Considering library net.sf.jopt-simple:jopt-simple:4.6: Not Downloading {Wrong Side}
Considering library java3d:vecmath:1.5.2
Considering library net.sf.trove4j:trove4j:3.0.3
Extracting: /forge-1.9.4-12.17.0.2317-1.9.4-universal.jar
To:          C:\Users\Usuario\AppData\Roaming\.minecraft\libraries\net\minecraftforge\forge\1.9.4-12.17.0.2317-1.9.4\forge-1.9.4-12.17.0.2317-1.9.4.jar
